
<HTML>
	<HEAD>
		<TITLE> Basic system information </TITLE>
	</HEAD>
	<BODY>
		<P>Date: Sun Oct 28 18:44:06 CET 2018</P>
		<P>Uptime: up 2 hours, 23 minutes</P>
		<p> <b>Logged in users: soren    :0           2018-10-28 18:20 (:0)</b> </p>
		<p> <i>Free ram: <PRE>              total        used        free      shared  buff/cache   available
Mem:    11981717504  2169589760  8059424768   340373504  1752702976  9143955456
Swap:    9999216640           0  9999216640</PRE> </i> </p>
		<p> <strong>Free disk: <PRE><del>Filesystem      Size  Used Avail Use% Mounted on
udev            5.6G     0  5.6G   0% /dev
tmpfs           1.2G  1.7M  1.2G   1% /run
/dev/sda6        68G   18G   47G  28% /
tmpfs           5.6G   57M  5.6G   1% /dev/shm
tmpfs           5.0M  4.0K  5.0M   1% /run/lock
tmpfs           5.6G     0  5.6G   0% /sys/fs/cgroup
/dev/loop0      3.8M  3.8M     0 100% /snap/gnome-system-monitor/51
/dev/loop1      141M  141M     0 100% /snap/gnome-3-26-1604/70
/dev/loop2       35M   35M     0 100% /snap/gtk-common-themes/319
/dev/loop3       88M   88M     0 100% /snap/core/5548
/dev/loop5      2.4M  2.4M     0 100% /snap/gnome-calculator/199
/dev/loop4      141M  141M     0 100% /snap/gnome-3-26-1604/74
/dev/loop6       15M   15M     0 100% /snap/gnome-logs/45
/dev/loop8       13M   13M     0 100% /snap/gnome-characters/117
/dev/loop7      2.3M  2.3M     0 100% /snap/gnome-calculator/222
/dev/loop9       15M   15M     0 100% /snap/gnome-logs/43
/dev/loop10      13M   13M     0 100% /snap/gnome-characters/124
/dev/loop11     3.8M  3.8M     0 100% /snap/gnome-system-monitor/57
/dev/loop12      88M   88M     0 100% /snap/core/5328
/dev/loop14      13M   13M     0 100% /snap/gnome-characters/139
/dev/loop15     2.3M  2.3M     0 100% /snap/gnome-calculator/238
/dev/loop16     3.8M  3.8M     0 100% /snap/gnome-system-monitor/54
/dev/loop13      88M   88M     0 100% /snap/core/5662
/dev/loop17      43M   43M     0 100% /snap/gtk-common-themes/701
/dev/loop18      15M   15M     0 100% /snap/gnome-logs/40
tmpfs           1.2G   60K  1.2G   1% /run/user/1000</del></PRE></strong> </p>
	</BODY>

</HTML>
